// Vitest Snapshot v1, https://vitest.dev/guide/snapshot.html

exports[`error when using Maps 1`] = `[Error: [Immer] The plugin for 'MapSet' has not been loaded into Immer. To enable the plugin, import and call \`enableMapSet()\` when initializing your application.]`;

exports[`error when using patches - 1 1`] = `[Error: [Immer] The plugin for 'Patches' has not been loaded into Immer. To enable the plugin, import and call \`enablePatches()\` when initializing your application.]`;

exports[`error when using patches - 2 1`] = `[Error: [Immer] The plugin for 'Patches' has not been loaded into Immer. To enable the plugin, import and call \`enablePatches()\` when initializing your application.]`;

exports[`error when using patches - 3 1`] = `[Error: [Immer] The plugin for 'Patches' has not been loaded into Immer. To enable the plugin, import and call \`enablePatches()\` when initializing your application.]`;
