// Vitest Snapshot v1, https://vitest.dev/guide/snapshot.html

exports[`Producers can update Maps 4`] = `[Error: [Immer] minified error nr: 2. Full error at: https://bit.ly/3cXEKWf]`;
